#
# There is insufficient memory for the Java Runtime Environment to continue.
# Native memory allocation (malloc) failed to allocate 1048576 bytes. Error detail: AllocateHeap
# Possible reasons:
#   The system is out of physical RAM or swap space
#   This process is running with CompressedOops enabled, and the Java Heap may be blocking the growth of the native heap
# Possible solutions:
#   Reduce memory load on the system
#   Increase physical memory or swap space
#   Check if swap backing store is full
#   Decrease Java heap size (-Xmx/-Xms)
#   Decrease number of Java threads
#   Decrease Java thread stack sizes (-Xss)
#   Set larger code cache with -XX:ReservedCodeCacheSize=
#   JVM is running with Unscaled Compressed Oops mode in which the Java heap is
#     placed in the first 4GB address space. The Java Heap base address is the
#     maximum limit for the native heap growth. Please use -XX:HeapBaseMinAddress
#     to set the Java Heap base and to place the Java Heap above 4GB virtual address.
# This output file may be truncated or incomplete.
#
#  Out of Memory Error (allocation.cpp:44), pid=2564, tid=11628
#
# JRE version: OpenJDK Runtime Environment Temurin-21.0.9+10 (21.0.9+10) (build 21.0.9+10-LTS)
# Java VM: OpenJDK 64-Bit Server VM Temurin-21.0.9+10 (21.0.9+10-LTS, mixed mode, sharing, tiered, compressed oops, compressed class ptrs, parallel gc, windows-amd64)
# No core dump will be written. Minidumps are not enabled by default on client versions of Windows
#

---------------  S U M M A R Y ------------

Command Line: --add-modules=ALL-SYSTEM --add-opens=java.base/java.util=ALL-UNNAMED --add-opens=java.base/java.lang=ALL-UNNAMED --add-opens=java.base/sun.nio.fs=ALL-UNNAMED -Declipse.application=org.eclipse.jdt.ls.core.id1 -Dosgi.bundles.defaultStartLevel=4 -Declipse.product=org.eclipse.jdt.ls.core.product -Djava.import.generatesMetadataFilesAtProjectRoot=false -DDetectVMInstallationsJob.disabled=true -Dfile.encoding=utf8 -XX:+UseParallelGC -XX:GCTimeRatio=4 -XX:AdaptiveSizePolicyWeight=90 -Dsun.zip.disableMemoryMapping=true -Xmx2G -Xms100m -Xlog:disable -javaagent:c:\Users\ASUS\.vscode\extensions\redhat.java-1.52.0-win32-x64\lombok\lombok-1.18.39-4050.jar -XX:+HeapDumpOnOutOfMemoryError -XX:HeapDumpPath=c:\Users\ASUS\AppData\Roaming\Code\User\workspaceStorage\3b79d6dfcfb51a105223974b676b3787\redhat.java -Daether.dependencyCollector.impl=bf c:\Users\ASUS\.vscode\extensions\redhat.java-1.52.0-win32-x64\server\plugins\org.eclipse.equinox.launcher_1.7.100.v20251111-0406.jar -configuration c:\Users\ASUS\AppData\Roaming\Code\User\globalStorage\redhat.java\1.52.0\config_win -data c:\Users\ASUS\AppData\Roaming\Code\User\workspaceStorage\3b79d6dfcfb51a105223974b676b3787\redhat.java\jdt_ws --pipe=\\.\pipe\lsp-561d3a2651b8d090cf8c6f1f396860de-sock

Host: AMD Ryzen 5 2500U with Radeon Vega Mobile Gfx  , 8 cores, 6G,  Windows 10 , 64 bit Build 19041 (10.0.19041.5915)
Time: Mon Feb  9 17:12:20 2026 India Standard Time elapsed time: 19916.201112 seconds (0d 5h 31m 56s)

---------------  T H R E A D  ---------------

Current thread (0x00000288fa1299b0):  JavaThread "Attach Listener" daemon [_thread_in_vm, id=11628, stack(0x000000ab17c00000,0x000000ab17d00000) (1024K)]

Stack: [0x000000ab17c00000,0x000000ab17d00000]
Native frames: (J=compiled Java code, j=interpreted, Vv=VM code, C=native code)
V  [jvm.dll+0x6d6e29]
V  [jvm.dll+0x8b4b76]
V  [jvm.dll+0x8b712e]
V  [jvm.dll+0x8b7813]
V  [jvm.dll+0x283d86]
V  [jvm.dll+0xc1277]
V  [jvm.dll+0x6d76d9]
V  [jvm.dll+0x133466]
V  [jvm.dll+0x3f7ea6]
V  [jvm.dll+0x85e9ad]
V  [jvm.dll+0x6d565d]
C  [ucrtbase.dll+0x21bb2]
C  [KERNEL32.DLL+0x17374]
C  [ntdll.dll+0x4cc91]


---------------  P R O C E S S  ---------------

Threads class SMR info:
_java_thread_list=0x00000288ca1b5040, length=35, elements={
0x00000288e36b2060, 0x00000288fa120190, 0x00000288fa121620, 0x00000288fa128d60,
0x00000288fa1299b0, 0x00000288fa12a600, 0x00000288fa12d460, 0x00000288fa12e290,
0x00000288c5038920, 0x00000288c51ccd50, 0x00000288c52f1040, 0x00000288c5ba6050,
0x00000288c5c78320, 0x00000288c578a7d0, 0x00000288c5b93e00, 0x00000288c54ace40,
0x00000288c5e64d80, 0x00000288c52a6d10, 0x00000288c6e30080, 0x00000288c658e010,
0x00000288c658c5d0, 0x00000288c658d2f0, 0x00000288c7028fa0, 0x00000288c7029630,
0x00000288c7029cc0, 0x00000288c7027560, 0x00000288c702d140, 0x00000288c702d7d0,
0x00000288c702a9e0, 0x00000288c702de60, 0x00000288c702e4f0, 0x00000288c702c420,
0x00000288c668d430, 0x00000288c668fb90, 0x00000288c6691c60
}

Java Threads: ( => current thread )
  0x00000288e36b2060 JavaThread "main"                              [_thread_blocked, id=11812, stack(0x000000ab17500000,0x000000ab17600000) (1024K)]
  0x00000288fa120190 JavaThread "Reference Handler"          daemon [_thread_blocked, id=10120, stack(0x000000ab17900000,0x000000ab17a00000) (1024K)]
  0x00000288fa121620 JavaThread "Finalizer"                  daemon [_thread_blocked, id=10096, stack(0x000000ab17a00000,0x000000ab17b00000) (1024K)]
  0x00000288fa128d60 JavaThread "Signal Dispatcher"          daemon [_thread_blocked, id=2832, stack(0x000000ab17b00000,0x000000ab17c00000) (1024K)]
=>0x00000288fa1299b0 JavaThread "Attach Listener"            daemon [_thread_in_vm, id=11628, stack(0x000000ab17c00000,0x000000ab17d00000) (1024K)]
  0x00000288fa12a600 JavaThread "Service Thread"             daemon [_thread_blocked, id=5560, stack(0x000000ab17d00000,0x000000ab17e00000) (1024K)]
  0x00000288fa12d460 JavaThread "Monitor Deflation Thread"   daemon [_thread_blocked, id=3592, stack(0x000000ab17e00000,0x000000ab17f00000) (1024K)]
  0x00000288fa12e290 JavaThread "C2 CompilerThread0"         daemon [_thread_blocked, id=8488, stack(0x000000ab17f00000,0x000000ab18000000) (1024K)]
  0x00000288c5038920 JavaThread "C1 CompilerThread0"         daemon [_thread_blocked, id=8468, stack(0x000000ab18000000,0x000000ab18100000) (1024K)]
  0x00000288c51ccd50 JavaThread "Common-Cleaner"             daemon [_thread_blocked, id=14196, stack(0x000000ab18100000,0x000000ab18200000) (1024K)]
  0x00000288c52f1040 JavaThread "Notification Thread"        daemon [_thread_blocked, id=13720, stack(0x000000ab18200000,0x000000ab18300000) (1024K)]
  0x00000288c5ba6050 JavaThread "Active Thread: Equinox Container: 59f34d94-6719-4e35-9e14-24e973297522"        [_thread_blocked, id=8480, stack(0x000000ab18300000,0x000000ab18400000) (1024K)]
  0x00000288c5c78320 JavaThread "Refresh Thread: Equinox Container: 59f34d94-6719-4e35-9e14-24e973297522" daemon [_thread_blocked, id=10936, stack(0x000000ab18b00000,0x000000ab18c00000) (1024K)]
  0x00000288c578a7d0 JavaThread "Framework Event Dispatcher: Equinox Container: 59f34d94-6719-4e35-9e14-24e973297522" daemon [_thread_blocked, id=6288, stack(0x000000ab18c00000,0x000000ab18d00000) (1024K)]
  0x00000288c5b93e00 JavaThread "Start Level: Equinox Container: 59f34d94-6719-4e35-9e14-24e973297522" daemon [_thread_blocked, id=14088, stack(0x000000ab18d00000,0x000000ab18e00000) (1024K)]
  0x00000288c54ace40 JavaThread "Bundle File Closer"         daemon [_thread_blocked, id=14268, stack(0x000000ab18f00000,0x000000ab19000000) (1024K)]
  0x00000288c5e64d80 JavaThread "SCR Component Actor"        daemon [_thread_blocked, id=7912, stack(0x000000ab18e00000,0x000000ab18f00000) (1024K)]
  0x00000288c52a6d10 JavaThread "Worker-JM"                         [_thread_blocked, id=13220, stack(0x000000ab19200000,0x000000ab19300000) (1024K)]
  0x00000288c6e30080 JavaThread "JNA Cleaner"                daemon [_thread_blocked, id=2016, stack(0x000000ab19000000,0x000000ab19100000) (1024K)]
  0x00000288c658e010 JavaThread "Java indexing"              daemon [_thread_blocked, id=6000, stack(0x000000ab19600000,0x000000ab19700000) (1024K)]
  0x00000288c658c5d0 JavaThread "Thread-1"                   daemon [_thread_in_native, id=6484, stack(0x000000ab19b00000,0x000000ab19c00000) (1024K)]
  0x00000288c658d2f0 JavaThread "Thread-2"                   daemon [_thread_in_native, id=11404, stack(0x000000ab19c00000,0x000000ab19d00000) (1024K)]
  0x00000288c7028fa0 JavaThread "Thread-3"                   daemon [_thread_in_native, id=13576, stack(0x000000ab19d00000,0x000000ab19e00000) (1024K)]
  0x00000288c7029630 JavaThread "Thread-4"                   daemon [_thread_in_native, id=5172, stack(0x000000ab19e00000,0x000000ab19f00000) (1024K)]
  0x00000288c7029cc0 JavaThread "Thread-5"                   daemon [_thread_in_native, id=13892, stack(0x000000ab19f00000,0x000000ab1a000000) (1024K)]
  0x00000288c7027560 JavaThread "Thread-6"                   daemon [_thread_in_native, id=6876, stack(0x000000ab1a000000,0x000000ab1a100000) (1024K)]
  0x00000288c702d140 JavaThread "Thread-7"                   daemon [_thread_in_native, id=5444, stack(0x000000ab1a100000,0x000000ab1a200000) (1024K)]
  0x00000288c702d7d0 JavaThread "Thread-8"                   daemon [_thread_in_native, id=12836, stack(0x000000ab1a200000,0x000000ab1a300000) (1024K)]
  0x00000288c702a9e0 JavaThread "Thread-9"                   daemon [_thread_in_native, id=5404, stack(0x000000ab1a300000,0x000000ab1a400000) (1024K)]
  0x00000288c702de60 JavaThread "pool-2-thread-1"                   [_thread_blocked, id=12880, stack(0x000000ab1a400000,0x000000ab1a500000) (1024K)]
  0x00000288c702e4f0 JavaThread "WorkspaceEventsHandler"            [_thread_blocked, id=13572, stack(0x000000ab1a500000,0x000000ab1a600000) (1024K)]
  0x00000288c702c420 JavaThread "pool-1-thread-1"                   [_thread_blocked, id=14136, stack(0x000000ab1a600000,0x000000ab1a700000) (1024K)]
  0x00000288c668d430 JavaThread "Timer-0"                           [_thread_blocked, id=7624, stack(0x000000ab1b000000,0x000000ab1b100000) (1024K)]
  0x00000288c668fb90 JavaThread "Worker-6"                          [_thread_blocked, id=15920, stack(0x000000ab17300000,0x000000ab17400000) (1024K)]
  0x00000288c6691c60 JavaThread "Worker-7"                          [_thread_blocked, id=15380, stack(0x000000ab17400000,0x000000ab17500000) (1024K)]
Total: 35

Other Threads:
  0x00000288fa1115e0 VMThread "VM Thread"                           [id=1720, stack(0x000000ab17800000,0x000000ab17900000) (1024K)]
  0x00000288e371d310 WatcherThread "VM Periodic Task Thread"        [id=9892, stack(0x000000ab17700000,0x000000ab17800000) (1024K)]
  0x00000288e1489020 WorkerThread "GC Thread#0"                     [id=8552, stack(0x000000ab17600000,0x000000ab17700000) (1024K)]
  0x00000288c5825d90 WorkerThread "GC Thread#1"                     [id=9884, stack(0x000000ab18400000,0x000000ab18500000) (1024K)]
  0x00000288c5909400 WorkerThread "GC Thread#2"                     [id=7676, stack(0x000000ab18500000,0x000000ab18600000) (1024K)]
  0x00000288c58249e0 WorkerThread "GC Thread#3"                     [id=13648, stack(0x000000ab18600000,0x000000ab18700000) (1024K)]
  0x00000288c5824d80 WorkerThread "GC Thread#4"                     [id=13732, stack(0x000000ab18700000,0x000000ab18800000) (1024K)]
  0x00000288c5825120 WorkerThread "GC Thread#5"                     [id=10860, stack(0x000000ab18800000,0x000000ab18900000) (1024K)]
  0x00000288c58254c0 WorkerThread "GC Thread#6"                     [id=10116, stack(0x000000ab18900000,0x000000ab18a00000) (1024K)]
  0x00000288fa150d10 WorkerThread "GC Thread#7"                     [id=6864, stack(0x000000ab18a00000,0x000000ab18b00000) (1024K)]
Total: 10

Threads with active compile tasks:
Total: 0

VM state: not at safepoint (normal execution)

VM Mutex/Monitor currently owned by a thread: None

Heap address: 0x0000000080000000, size: 2048 MB, Compressed Oops mode: 32-bit

CDS archive(s) mapped at: [0x0000028880000000-0x0000028880ba0000-0x0000028880ba0000), size 12189696, SharedBaseAddress: 0x0000028880000000, ArchiveRelocationMode: 1.
Compressed class space mapped at: 0x0000028881000000-0x00000288c1000000, reserved size: 1073741824
Narrow klass base: 0x0000028880000000, Narrow klass shift: 0, Narrow klass range: 0x100000000

GC Precious Log:
 CardTable entry size: 512
 CPUs: 8 total, 8 available
 Memory: 7113M
 Large Page Support: Disabled
 NUMA Support: Disabled
 Compressed Oops: Enabled (32-bit)
 Alignments: Space 512K, Generation 512K, Heap 2M
 Heap Min Capacity: 100M
 Heap Initial Capacity: 100M
 Heap Max Capacity: 2G
 Pre-touch: Disabled
 Parallel Workers: 8

Heap:
 PSYoungGen      total 3072K, used 1440K [0x00000000d5580000, 0x00000000d5980000, 0x0000000100000000)
  eden space 2560K, 42% used [0x00000000d5580000,0x00000000d5690110,0x00000000d5800000)
  from space 512K, 68% used [0x00000000d5900000,0x00000000d5958020,0x00000000d5980000)
  to   space 512K, 0% used [0x00000000d5880000,0x00000000d5880000,0x00000000d5900000)
 ParOldGen       total 98816K, used 98723K [0x0000000080000000, 0x0000000086080000, 0x00000000d5580000)
  object space 98816K, 99% used [0x0000000080000000,0x0000000086068c30,0x0000000086080000)
 Metaspace       used 72099K, committed 73600K, reserved 1114112K
  class space    used 8252K, committed 8896K, reserved 1048576K

Card table byte_map: [0x00000288e3090000,0x00000288e34a0000] _byte_map_base: 0x00000288e2c90000

Marking Bits: (ParMarkBitMap*) 0x00007ff917792460
 Begin Bits: [0x00000288f5b70000, 0x00000288f7b70000)
 End Bits:   [0x00000288f7b70000, 0x00000288f9b70000)

Polling page: 0x00000288e2e80000

Metaspace:

Usage:
  Non-class:     62.35 MB used.
      Class:      8.06 MB used.
       Both:     70.41 MB used.

Virtual space:
  Non-class space:       64.00 MB reserved,      63.19 MB ( 99%) committed,  1 nodes.
      Class space:        1.00 GB reserved,       8.69 MB ( <1%) committed,  1 nodes.
             Both:        1.06 GB reserved,      71.88 MB (  7%) committed. 

Chunk freelists:
   Non-Class:  87.00 KB
       Class:  7.16 MB
        Both:  7.24 MB

MaxMetaspaceSize: unlimited
CompressedClassSpaceSize: 1.00 GB
Initial GC threshold: 21.00 MB
Current GC threshold: 97.31 MB
CDS: on
 - commit_granule_bytes: 65536.
 - commit_granule_words: 8192.
 - virtual_space_node_default_size: 8388608.
 - enlarge_chunks_in_place: 1.
 - use_allocation_guard: 0.


Internal statistics:

num_allocs_failed_limit: 9.
num_arena_births: 1140.
num_arena_deaths: 14.
num_vsnodes_births: 2.
num_vsnodes_deaths: 0.
num_space_committed: 1150.
num_space_uncommitted: 0.
num_chunks_returned_to_freelist: 23.
num_chunks_taken_from_freelist: 4167.
num_chunk_merges: 12.
num_chunk_splits: 2635.
num_chunks_enlarged: 1627.
num_inconsistent_stats: 0.

CodeHeap 'non-profiled nmethods': size=120000Kb used=7669Kb max_used=7669Kb free=112331Kb
 bounds [0x00000288ee390000, 0x00000288eeb10000, 0x00000288f58c0000]
CodeHeap 'profiled nmethods': size=120000Kb used=22606Kb max_used=22606Kb free=97393Kb
 bounds [0x00000288e68c0000, 0x00000288e7ee0000, 0x00000288eddf0000]
CodeHeap 'non-nmethods': size=5760Kb used=1460Kb max_used=1510Kb free=4299Kb
 bounds [0x00000288eddf0000, 0x00000288ee060000, 0x00000288ee390000]
CodeCache: size=245760Kb, used=31735Kb, max_used=31785Kb, free=214023Kb
 total_blobs=11581, nmethods=10811, adapters=675, full_count=0
Compilation: enabled, stopped_count=0, restarted_count=0

Compilation events (20 events):
Event: 14843.174 Thread 0x00000288c5038920 11611       3       jdk.internal.misc.InnocuousThread::eraseThreadLocals (23 bytes)
Event: 14843.175 Thread 0x00000288c5038920 nmethod 11611 0x00000288e7ecef10 code [0x00000288e7ecf0a0, 0x00000288e7ecf208]
Event: 15151.356 Thread 0x00000288c5038920 11612 % !   3       java.util.TimerThread::mainLoop @ 0 (232 bytes)
Event: 15151.367 Thread 0x00000288c5038920 nmethod 11612% 0x00000288e7ecf290 code [0x00000288e7ecf560, 0x00000288e7ed0410]
Event: 15263.215 Thread 0x00000288fa12e290 11613   !   4       java.util.concurrent.locks.AbstractQueuedSynchronizer::tryInitializeHead (66 bytes)
Event: 15263.217 Thread 0x00000288fa12e290 nmethod 11613 0x00000288eeb0bb90 code [0x00000288eeb0bd20, 0x00000288eeb0bed8]
Event: 15407.869 Thread 0x00000288c5038920 11614   !   3       java.util.TimerThread::mainLoop (232 bytes)
Event: 15407.871 Thread 0x00000288c5038920 nmethod 11614 0x00000288e7ed0c90 code [0x00000288e7ed0f40, 0x00000288e7ed1cf8]
Event: 15919.354 Thread 0x00000288fa12e290 11615       4       java.util.TaskQueue::fixDown (108 bytes)
Event: 15919.355 Thread 0x00000288fa12e290 nmethod 11615 0x00000288eeb0c010 code [0x00000288eeb0c1a0, 0x00000288eeb0c258]
Event: 17323.394 Thread 0x00000288fa12e290 11616       4       java.util.concurrent.TimeUnit::convert (73 bytes)
Event: 17323.404 Thread 0x00000288fa12e290 nmethod 11616 0x00000288eeb0c310 code [0x00000288eeb0c4c0, 0x00000288eeb0c650]
Event: 17440.212 Thread 0x00000288c5038920 11617       1       org.eclipse.core.runtime.jobs.Job::shouldSchedule (2 bytes)
Event: 17440.213 Thread 0x00000288c5038920 nmethod 11617 0x00000288eeb0c790 code [0x00000288eeb0c920, 0x00000288eeb0c9e8]
Event: 17440.214 Thread 0x00000288c5038920 11618       3       org.eclipse.core.internal.jobs.JobManager::scheduleInternal (149 bytes)
Event: 17440.270 Thread 0x00000288c5038920 nmethod 11618 0x00000288e7ed2590 code [0x00000288e7ed2880, 0x00000288e7ed35c0]
Event: 17723.580 Thread 0x00000288fa12e290 11619   !   4       java.util.concurrent.locks.LockSupport::parkNanos (56 bytes)
Event: 17723.588 Thread 0x00000288fa12e290 nmethod 11619 0x00000288eeb0ca90 code [0x00000288eeb0cc40, 0x00000288eeb0cdb8]
Event: 18864.277 Thread 0x00000288fa12e290 11620       4       java.util.concurrent.ScheduledThreadPoolExecutor$ScheduledFutureTask::getDelay (16 bytes)
Event: 18864.282 Thread 0x00000288fa12e290 nmethod 11620 0x00000288eeb0cf10 code [0x00000288eeb0d0c0, 0x00000288eeb0d258]

GC Heap History (20 events):
Event: 4231.557 GC heap before
{Heap before GC invocations=380 (full 3):
 PSYoungGen      total 3072K, used 2784K [0x00000000d5580000, 0x00000000d5980000, 0x0000000100000000)
  eden space 2560K, 100% used [0x00000000d5580000,0x00000000d5800000,0x00000000d5800000)
  from space 512K, 43% used [0x00000000d5900000,0x00000000d5938000,0x00000000d5980000)
  to   space 512K, 0% used [0x00000000d5880000,0x00000000d5880000,0x00000000d5900000)
 ParOldGen       total 98816K, used 98387K [0x0000000080000000, 0x0000000086080000, 0x00000000d5580000)
  object space 98816K, 99% used [0x0000000080000000,0x0000000086014c30,0x0000000086080000)
 Metaspace       used 72030K, committed 73536K, reserved 1114112K
  class space    used 8252K, committed 8896K, reserved 1048576K
}
Event: 4231.559 GC heap after
{Heap after GC invocations=380 (full 3):
 PSYoungGen      total 3072K, used 192K [0x00000000d5580000, 0x00000000d5980000, 0x0000000100000000)
  eden space 2560K, 0% used [0x00000000d5580000,0x00000000d5580000,0x00000000d5800000)
  from space 512K, 37% used [0x00000000d5880000,0x00000000d58b0000,0x00000000d5900000)
  to   space 512K, 0% used [0x00000000d5900000,0x00000000d5900000,0x00000000d5980000)
 ParOldGen       total 98816K, used 98427K [0x0000000080000000, 0x0000000086080000, 0x00000000d5580000)
  object space 98816K, 99% used [0x0000000080000000,0x000000008601ec30,0x0000000086080000)
 Metaspace       used 72030K, committed 73536K, reserved 1114112K
  class space    used 8252K, committed 8896K, reserved 1048576K
}
Event: 4238.189 GC heap before
{Heap before GC invocations=381 (full 3):
 PSYoungGen      total 3072K, used 2752K [0x00000000d5580000, 0x00000000d5980000, 0x0000000100000000)
  eden space 2560K, 100% used [0x00000000d5580000,0x00000000d5800000,0x00000000d5800000)
  from space 512K, 37% used [0x00000000d5880000,0x00000000d58b0000,0x00000000d5900000)
  to   space 512K, 0% used [0x00000000d5900000,0x00000000d5900000,0x00000000d5980000)
 ParOldGen       total 98816K, used 98427K [0x0000000080000000, 0x0000000086080000, 0x00000000d5580000)
  object space 98816K, 99% used [0x0000000080000000,0x000000008601ec30,0x0000000086080000)
 Metaspace       used 72036K, committed 73536K, reserved 1114112K
  class space    used 8252K, committed 8896K, reserved 1048576K
}
Event: 4238.190 GC heap after
{Heap after GC invocations=381 (full 3):
 PSYoungGen      total 3072K, used 256K [0x00000000d5580000, 0x00000000d5980000, 0x0000000100000000)
  eden space 2560K, 0% used [0x00000000d5580000,0x00000000d5580000,0x00000000d5800000)
  from space 512K, 50% used [0x00000000d5900000,0x00000000d5940000,0x00000000d5980000)
  to   space 512K, 0% used [0x00000000d5880000,0x00000000d5880000,0x00000000d5900000)
 ParOldGen       total 98816K, used 98475K [0x0000000080000000, 0x0000000086080000, 0x00000000d5580000)
  object space 98816K, 99% used [0x0000000080000000,0x000000008602ac30,0x0000000086080000)
 Metaspace       used 72036K, committed 73536K, reserved 1114112K
  class space    used 8252K, committed 8896K, reserved 1048576K
}
Event: 4245.036 GC heap before
{Heap before GC invocations=382 (full 3):
 PSYoungGen      total 3072K, used 2816K [0x00000000d5580000, 0x00000000d5980000, 0x0000000100000000)
  eden space 2560K, 100% used [0x00000000d5580000,0x00000000d5800000,0x00000000d5800000)
  from space 512K, 50% used [0x00000000d5900000,0x00000000d5940000,0x00000000d5980000)
  to   space 512K, 0% used [0x00000000d5880000,0x00000000d5880000,0x00000000d5900000)
 ParOldGen       total 98816K, used 98475K [0x0000000080000000, 0x0000000086080000, 0x00000000d5580000)
  object space 98816K, 99% used [0x0000000080000000,0x000000008602ac30,0x0000000086080000)
 Metaspace       used 72039K, committed 73536K, reserved 1114112K
  class space    used 8252K, committed 8896K, reserved 1048576K
}
Event: 4245.038 GC heap after
{Heap after GC invocations=382 (full 3):
 PSYoungGen      total 3072K, used 224K [0x00000000d5580000, 0x00000000d5980000, 0x0000000100000000)
  eden space 2560K, 0% used [0x00000000d5580000,0x00000000d5580000,0x00000000d5800000)
  from space 512K, 43% used [0x00000000d5880000,0x00000000d58b8000,0x00000000d5900000)
  to   space 512K, 0% used [0x00000000d5900000,0x00000000d5900000,0x00000000d5980000)
 ParOldGen       total 98816K, used 98499K [0x0000000080000000, 0x0000000086080000, 0x00000000d5580000)
  object space 98816K, 99% used [0x0000000080000000,0x0000000086030c30,0x0000000086080000)
 Metaspace       used 72039K, committed 73536K, reserved 1114112K
  class space    used 8252K, committed 8896K, reserved 1048576K
}
Event: 4248.237 GC heap before
{Heap before GC invocations=383 (full 3):
 PSYoungGen      total 3072K, used 2784K [0x00000000d5580000, 0x00000000d5980000, 0x0000000100000000)
  eden space 2560K, 100% used [0x00000000d5580000,0x00000000d5800000,0x00000000d5800000)
  from space 512K, 43% used [0x00000000d5880000,0x00000000d58b8000,0x00000000d5900000)
  to   space 512K, 0% used [0x00000000d5900000,0x00000000d5900000,0x00000000d5980000)
 ParOldGen       total 98816K, used 98499K [0x0000000080000000, 0x0000000086080000, 0x00000000d5580000)
  object space 98816K, 99% used [0x0000000080000000,0x0000000086030c30,0x0000000086080000)
 Metaspace       used 72039K, committed 73536K, reserved 1114112K
  class space    used 8252K, committed 8896K, reserved 1048576K
}
Event: 4248.238 GC heap after
{Heap after GC invocations=383 (full 3):
 PSYoungGen      total 3072K, used 192K [0x00000000d5580000, 0x00000000d5980000, 0x0000000100000000)
  eden space 2560K, 0% used [0x00000000d5580000,0x00000000d5580000,0x00000000d5800000)
  from space 512K, 37% used [0x00000000d5900000,0x00000000d5930000,0x00000000d5980000)
  to   space 512K, 0% used [0x00000000d5880000,0x00000000d5880000,0x00000000d5900000)
 ParOldGen       total 98816K, used 98539K [0x0000000080000000, 0x0000000086080000, 0x00000000d5580000)
  object space 98816K, 99% used [0x0000000080000000,0x000000008603ac30,0x0000000086080000)
 Metaspace       used 72039K, committed 73536K, reserved 1114112K
  class space    used 8252K, committed 8896K, reserved 1048576K
}
Event: 4249.416 GC heap before
{Heap before GC invocations=384 (full 3):
 PSYoungGen      total 3072K, used 2752K [0x00000000d5580000, 0x00000000d5980000, 0x0000000100000000)
  eden space 2560K, 100% used [0x00000000d5580000,0x00000000d5800000,0x00000000d5800000)
  from space 512K, 37% used [0x00000000d5900000,0x00000000d5930000,0x00000000d5980000)
  to   space 512K, 0% used [0x00000000d5880000,0x00000000d5880000,0x00000000d5900000)
 ParOldGen       total 98816K, used 98539K [0x0000000080000000, 0x0000000086080000, 0x00000000d5580000)
  object space 98816K, 99% used [0x0000000080000000,0x000000008603ac30,0x0000000086080000)
 Metaspace       used 72043K, committed 73536K, reserved 1114112K
  class space    used 8252K, committed 8896K, reserved 1048576K
}
Event: 4249.418 GC heap after
{Heap after GC invocations=384 (full 3):
 PSYoungGen      total 3072K, used 224K [0x00000000d5580000, 0x00000000d5980000, 0x0000000100000000)
  eden space 2560K, 0% used [0x00000000d5580000,0x00000000d5580000,0x00000000d5800000)
  from space 512K, 43% used [0x00000000d5880000,0x00000000d58b8000,0x00000000d5900000)
  to   space 512K, 0% used [0x00000000d5900000,0x00000000d5900000,0x00000000d5980000)
 ParOldGen       total 98816K, used 98571K [0x0000000080000000, 0x0000000086080000, 0x00000000d5580000)
  object space 98816K, 99% used [0x0000000080000000,0x0000000086042c30,0x0000000086080000)
 Metaspace       used 72043K, committed 73536K, reserved 1114112K
  class space    used 8252K, committed 8896K, reserved 1048576K
}
Event: 4255.536 GC heap before
{Heap before GC invocations=385 (full 3):
 PSYoungGen      total 3072K, used 2784K [0x00000000d5580000, 0x00000000d5980000, 0x0000000100000000)
  eden space 2560K, 100% used [0x00000000d5580000,0x00000000d5800000,0x00000000d5800000)
  from space 512K, 43% used [0x00000000d5880000,0x00000000d58b8000,0x00000000d5900000)
  to   space 512K, 0% used [0x00000000d5900000,0x00000000d5900000,0x00000000d5980000)
 ParOldGen       total 98816K, used 98571K [0x0000000080000000, 0x0000000086080000, 0x00000000d5580000)
  object space 98816K, 99% used [0x0000000080000000,0x0000000086042c30,0x0000000086080000)
 Metaspace       used 72045K, committed 73600K, reserved 1114112K
  class space    used 8252K, committed 8896K, reserved 1048576K
}
Event: 4255.537 GC heap after
{Heap after GC invocations=385 (full 3):
 PSYoungGen      total 3072K, used 224K [0x00000000d5580000, 0x00000000d5980000, 0x0000000100000000)
  eden space 2560K, 0% used [0x00000000d5580000,0x00000000d5580000,0x00000000d5800000)
  from space 512K, 43% used [0x00000000d5900000,0x00000000d5938000,0x00000000d5980000)
  to   space 512K, 0% used [0x00000000d5880000,0x00000000d5880000,0x00000000d5900000)
 ParOldGen       total 98816K, used 98611K [0x0000000080000000, 0x0000000086080000, 0x00000000d5580000)
  object space 98816K, 99% used [0x0000000080000000,0x000000008604cc30,0x0000000086080000)
 Metaspace       used 72045K, committed 73600K, reserved 1114112K
  class space    used 8252K, committed 8896K, reserved 1048576K
}
Event: 4261.276 GC heap before
{Heap before GC invocations=386 (full 3):
 PSYoungGen      total 3072K, used 2784K [0x00000000d5580000, 0x00000000d5980000, 0x0000000100000000)
  eden space 2560K, 100% used [0x00000000d5580000,0x00000000d5800000,0x00000000d5800000)
  from space 512K, 43% used [0x00000000d5900000,0x00000000d5938000,0x00000000d5980000)
  to   space 512K, 0% used [0x00000000d5880000,0x00000000d5880000,0x00000000d5900000)
 ParOldGen       total 98816K, used 98611K [0x0000000080000000, 0x0000000086080000, 0x00000000d5580000)
  object space 98816K, 99% used [0x0000000080000000,0x000000008604cc30,0x0000000086080000)
 Metaspace       used 72052K, committed 73600K, reserved 1114112K
  class space    used 8252K, committed 8896K, reserved 1048576K
}
Event: 4261.277 GC heap after
{Heap after GC invocations=386 (full 3):
 PSYoungGen      total 3072K, used 224K [0x00000000d5580000, 0x00000000d5980000, 0x0000000100000000)
  eden space 2560K, 0% used [0x00000000d5580000,0x00000000d5580000,0x00000000d5800000)
  from space 512K, 43% used [0x00000000d5880000,0x00000000d58b8000,0x00000000d5900000)
  to   space 512K, 0% used [0x00000000d5900000,0x00000000d5900000,0x00000000d5980000)
 ParOldGen       total 98816K, used 98635K [0x0000000080000000, 0x0000000086080000, 0x00000000d5580000)
  object space 98816K, 99% used [0x0000000080000000,0x0000000086052c30,0x0000000086080000)
 Metaspace       used 72052K, committed 73600K, reserved 1114112K
  class space    used 8252K, committed 8896K, reserved 1048576K
}
Event: 4264.849 GC heap before
{Heap before GC invocations=387 (full 3):
 PSYoungGen      total 3072K, used 2784K [0x00000000d5580000, 0x00000000d5980000, 0x0000000100000000)
  eden space 2560K, 100% used [0x00000000d5580000,0x00000000d5800000,0x00000000d5800000)
  from space 512K, 43% used [0x00000000d5880000,0x00000000d58b8000,0x00000000d5900000)
  to   space 512K, 0% used [0x00000000d5900000,0x00000000d5900000,0x00000000d5980000)
 ParOldGen       total 98816K, used 98635K [0x0000000080000000, 0x0000000086080000, 0x00000000d5580000)
  object space 98816K, 99% used [0x0000000080000000,0x0000000086052c30,0x0000000086080000)
 Metaspace       used 72052K, committed 73600K, reserved 1114112K
  class space    used 8252K, committed 8896K, reserved 1048576K
}
Event: 4264.850 GC heap after
{Heap after GC invocations=387 (full 3):
 PSYoungGen      total 3072K, used 256K [0x00000000d5580000, 0x00000000d5980000, 0x0000000100000000)
  eden space 2560K, 0% used [0x00000000d5580000,0x00000000d5580000,0x00000000d5800000)
  from space 512K, 50% used [0x00000000d5900000,0x00000000d5940000,0x00000000d5980000)
  to   space 512K, 0% used [0x00000000d5880000,0x00000000d5880000,0x00000000d5900000)
 ParOldGen       total 98816K, used 98667K [0x0000000080000000, 0x0000000086080000, 0x00000000d5580000)
  object space 98816K, 99% used [0x0000000080000000,0x000000008605ac30,0x0000000086080000)
 Metaspace       used 72052K, committed 73600K, reserved 1114112K
  class space    used 8252K, committed 8896K, reserved 1048576K
}
Event: 4496.636 GC heap before
{Heap before GC invocations=388 (full 3):
 PSYoungGen      total 3072K, used 2816K [0x00000000d5580000, 0x00000000d5980000, 0x0000000100000000)
  eden space 2560K, 100% used [0x00000000d5580000,0x00000000d5800000,0x00000000d5800000)
  from space 512K, 50% used [0x00000000d5900000,0x00000000d5940000,0x00000000d5980000)
  to   space 512K, 0% used [0x00000000d5880000,0x00000000d5880000,0x00000000d5900000)
 ParOldGen       total 98816K, used 98667K [0x0000000080000000, 0x0000000086080000, 0x00000000d5580000)
  object space 98816K, 99% used [0x0000000080000000,0x000000008605ac30,0x0000000086080000)
 Metaspace       used 72056K, committed 73600K, reserved 1114112K
  class space    used 8252K, committed 8896K, reserved 1048576K
}
Event: 4496.643 GC heap after
{Heap after GC invocations=388 (full 3):
 PSYoungGen      total 3072K, used 224K [0x00000000d5580000, 0x00000000d5980000, 0x0000000100000000)
  eden space 2560K, 0% used [0x00000000d5580000,0x00000000d5580000,0x00000000d5800000)
  from space 512K, 43% used [0x00000000d5880000,0x00000000d58b8000,0x00000000d5900000)
  to   space 512K, 0% used [0x00000000d5900000,0x00000000d5900000,0x00000000d5980000)
 ParOldGen       total 98816K, used 98691K [0x0000000080000000, 0x0000000086080000, 0x00000000d5580000)
  object space 98816K, 99% used [0x0000000080000000,0x0000000086060c30,0x0000000086080000)
 Metaspace       used 72056K, committed 73600K, reserved 1114112K
  class space    used 8252K, committed 8896K, reserved 1048576K
}
Event: 14740.055 GC heap before
{Heap before GC invocations=389 (full 3):
 PSYoungGen      total 3072K, used 2784K [0x00000000d5580000, 0x00000000d5980000, 0x0000000100000000)
  eden space 2560K, 100% used [0x00000000d5580000,0x00000000d5800000,0x00000000d5800000)
  from space 512K, 43% used [0x00000000d5880000,0x00000000d58b8000,0x00000000d5900000)
  to   space 512K, 0% used [0x00000000d5900000,0x00000000d5900000,0x00000000d5980000)
 ParOldGen       total 98816K, used 98691K [0x0000000080000000, 0x0000000086080000, 0x00000000d5580000)
  object space 98816K, 99% used [0x0000000080000000,0x0000000086060c30,0x0000000086080000)
 Metaspace       used 72096K, committed 73600K, reserved 1114112K
  class space    used 8252K, committed 8896K, reserved 1048576K
}
Event: 14740.133 GC heap after
{Heap after GC invocations=389 (full 3):
 PSYoungGen      total 3072K, used 352K [0x00000000d5580000, 0x00000000d5980000, 0x0000000100000000)
  eden space 2560K, 0% used [0x00000000d5580000,0x00000000d5580000,0x00000000d5800000)
  from space 512K, 68% used [0x00000000d5900000,0x00000000d5958020,0x00000000d5980000)
  to   space 512K, 0% used [0x00000000d5880000,0x00000000d5880000,0x00000000d5900000)
 ParOldGen       total 98816K, used 98723K [0x0000000080000000, 0x0000000086080000, 0x00000000d5580000)
  object space 98816K, 99% used [0x0000000080000000,0x0000000086068c30,0x0000000086080000)
 Metaspace       used 72096K, committed 73600K, reserved 1114112K
  class space    used 8252K, committed 8896K, reserved 1048576K
}

Dll operation events (15 events):
Event: 0.024 Loaded shared library c:\Users\ASUS\.vscode\extensions\redhat.java-1.52.0-win32-x64\jre\21.0.9-win32-x86_64\bin\java.dll
Event: 0.326 Loaded shared library c:\Users\ASUS\.vscode\extensions\redhat.java-1.52.0-win32-x64\jre\21.0.9-win32-x86_64\bin\zip.dll
Event: 0.391 Loaded shared library C:\Users\ASUS\.vscode\extensions\redhat.java-1.52.0-win32-x64\jre\21.0.9-win32-x86_64\bin\instrument.dll
Event: 0.415 Loaded shared library C:\Users\ASUS\.vscode\extensions\redhat.java-1.52.0-win32-x64\jre\21.0.9-win32-x86_64\bin\net.dll
Event: 0.419 Loaded shared library C:\Users\ASUS\.vscode\extensions\redhat.java-1.52.0-win32-x64\jre\21.0.9-win32-x86_64\bin\nio.dll
Event: 0.425 Loaded shared library C:\Users\ASUS\.vscode\extensions\redhat.java-1.52.0-win32-x64\jre\21.0.9-win32-x86_64\bin\zip.dll
Event: 0.483 Loaded shared library C:\Users\ASUS\.vscode\extensions\redhat.java-1.52.0-win32-x64\jre\21.0.9-win32-x86_64\bin\jimage.dll
Event: 0.753 Loaded shared library c:\Users\ASUS\.vscode\extensions\redhat.java-1.52.0-win32-x64\jre\21.0.9-win32-x86_64\bin\verify.dll
Event: 19.515 Loaded shared library C:\Users\ASUS\AppData\Roaming\Code\User\globalStorage\redhat.java\1.52.0\config_win\org.eclipse.equinox.launcher\org.eclipse.equinox.launcher.win32.win32.x86_64_1.2.1500.v20260121-1430\eclipse_11919.dll
Event: 38.548 Loaded shared library C:\Users\ASUS\AppData\Local\Temp\jna-2018896\jna8731652872547925239.dll
Event: 40.833 Loaded shared library C:\Users\ASUS\.vscode\extensions\redhat.java-1.52.0-win32-x64\jre\21.0.9-win32-x86_64\bin\management.dll
Event: 40.837 Loaded shared library C:\Users\ASUS\.vscode\extensions\redhat.java-1.52.0-win32-x64\jre\21.0.9-win32-x86_64\bin\management_ext.dll
Event: 41.262 Loaded shared library C:\Users\ASUS\.vscode\extensions\redhat.java-1.52.0-win32-x64\jre\21.0.9-win32-x86_64\bin\sunmscapi.dll
Event: 42.222 Loaded shared library C:\Users\ASUS\.vscode\extensions\redhat.java-1.52.0-win32-x64\jre\21.0.9-win32-x86_64\bin\extnet.dll
Event: 65.573 Loaded shared library C:\Users\ASUS\.gradle\native\1def1411415f61bf3af743bc5b6707747c0891f09f0c88961ee8f79bc544acac\windows-amd64\native-platform.dll

Deoptimization events (20 events):
Event: 3755.823 Thread 0x00000288c702de60 DEOPT PACKING pc=0x00000288eeae0908 sp=0x000000ab1a4febe0
Event: 3755.824 Thread 0x00000288c702de60 DEOPT UNPACKING pc=0x00000288ede43aa2 sp=0x000000ab1a4feb80 mode 2
Event: 3757.828 Thread 0x00000288c5ba6050 Uncommon trap: trap_request=0xffffffbe fr.pc=0x00000288eeae0908 relative=0x0000000000000a88
Event: 3757.830 Thread 0x00000288c5ba6050 Uncommon trap: reason=profile_predicate action=maybe_recompile pc=0x00000288eeae0908 method=java.util.concurrent.locks.AbstractQueuedSynchronizer.acquire(Ljava/util/concurrent/locks/AbstractQueuedSynchronizer$Node;IZZZJ)I @ 20 c2
Event: 3757.830 Thread 0x00000288c5ba6050 DEOPT PACKING pc=0x00000288eeae0908 sp=0x000000ab183fefa0
Event: 3757.830 Thread 0x00000288c5ba6050 DEOPT UNPACKING pc=0x00000288ede43aa2 sp=0x000000ab183fef40 mode 2
Event: 3763.647 Thread 0x00000288c6e30080 Uncommon trap: trap_request=0xffffffbe fr.pc=0x00000288eeae0908 relative=0x0000000000000a88
Event: 3763.647 Thread 0x00000288c6e30080 Uncommon trap: reason=profile_predicate action=maybe_recompile pc=0x00000288eeae0908 method=java.util.concurrent.locks.AbstractQueuedSynchronizer.acquire(Ljava/util/concurrent/locks/AbstractQueuedSynchronizer$Node;IZZZJ)I @ 20 c2
Event: 3763.648 Thread 0x00000288c6e30080 DEOPT PACKING pc=0x00000288eeae0908 sp=0x000000ab190fef50
Event: 3763.649 Thread 0x00000288c6e30080 DEOPT UNPACKING pc=0x00000288ede43aa2 sp=0x000000ab190feef0 mode 2
Event: 3765.833 Thread 0x00000288c702de60 Uncommon trap: trap_request=0xffffffbe fr.pc=0x00000288eeae0908 relative=0x0000000000000a88
Event: 3765.833 Thread 0x00000288c702de60 Uncommon trap: reason=profile_predicate action=maybe_recompile pc=0x00000288eeae0908 method=java.util.concurrent.locks.AbstractQueuedSynchronizer.acquire(Ljava/util/concurrent/locks/AbstractQueuedSynchronizer$Node;IZZZJ)I @ 20 c2
Event: 3765.833 Thread 0x00000288c702de60 DEOPT PACKING pc=0x00000288eeae0908 sp=0x000000ab1a4febe0
Event: 3765.834 Thread 0x00000288c702de60 DEOPT UNPACKING pc=0x00000288ede43aa2 sp=0x000000ab1a4feb80 mode 2
Event: 4227.074 Thread 0x00000288c702c420 DEOPT PACKING pc=0x00000288e7cf40c4 sp=0x000000ab1a6feca0
Event: 4227.298 Thread 0x00000288c702c420 DEOPT UNPACKING pc=0x00000288ede44242 sp=0x000000ab1a6fe180 mode 0
Event: 4227.299 Thread 0x00000288c668fb90 Uncommon trap: trap_request=0xffffff45 fr.pc=0x00000288eeaf8694 relative=0x0000000000000f54
Event: 4227.299 Thread 0x00000288c668fb90 Uncommon trap: reason=unstable_if action=reinterpret pc=0x00000288eeaf8694 method=org.eclipse.core.internal.dtree.AbstractDataTreeNode.compareWithParent([Lorg/eclipse/core/internal/dtree/AbstractDataTreeNode;Lorg/eclipse/core/runtime/IPath;Lorg/eclipse/co
Event: 4227.299 Thread 0x00000288c668fb90 DEOPT PACKING pc=0x00000288eeaf8694 sp=0x000000ab173fdb90
Event: 4227.299 Thread 0x00000288c668fb90 DEOPT UNPACKING pc=0x00000288ede43aa2 sp=0x000000ab173fdb50 mode 2

Classes loaded (20 events):
Event: 495.716 Loading class java/util/stream/Nodes$CollectorTask$OfRef
Event: 495.718 Loading class java/util/stream/Nodes$CollectorTask
Event: 495.719 Loading class java/util/stream/Nodes$CollectorTask done
Event: 495.719 Loading class java/util/stream/Nodes$CollectorTask$OfRef done
Event: 495.720 Loading class java/util/function/LongFunction
Event: 495.721 Loading class java/util/function/LongFunction done
Event: 495.721 Loading class java/util/stream/Nodes$ConcNode
Event: 495.722 Loading class java/util/stream/Nodes$AbstractConcNode
Event: 495.723 Loading class java/util/stream/Nodes$AbstractConcNode done
Event: 495.723 Loading class java/util/stream/Nodes$ConcNode done
Event: 495.773 Loading class java/util/stream/Nodes$ToArrayTask$OfRef
Event: 495.773 Loading class java/util/stream/Nodes$ToArrayTask
Event: 495.774 Loading class java/util/stream/Nodes$ToArrayTask done
Event: 495.774 Loading class java/util/stream/Nodes$ToArrayTask$OfRef done
Event: 495.793 Loading class java/io/ObjectOutputStream$BlockDataOutputStream
Event: 495.794 Loading class java/io/ObjectOutputStream$BlockDataOutputStream done
Event: 495.794 Loading class java/io/ObjectOutputStream$HandleTable
Event: 495.794 Loading class java/io/ObjectOutputStream$HandleTable done
Event: 495.795 Loading class java/io/ObjectOutputStream$ReplaceTable
Event: 495.795 Loading class java/io/ObjectOutputStream$ReplaceTable done

Classes unloaded (7 events):
Event: 39.782 Thread 0x00000288fa1115e0 Unloading class 0x00000288811a8c00 'java/lang/invoke/LambdaForm$MH+0x00000288811a8c00'
Event: 39.782 Thread 0x00000288fa1115e0 Unloading class 0x00000288811a8800 'java/lang/invoke/LambdaForm$MH+0x00000288811a8800'
Event: 39.782 Thread 0x00000288fa1115e0 Unloading class 0x00000288811a8400 'java/lang/invoke/LambdaForm$MH+0x00000288811a8400'
Event: 39.782 Thread 0x00000288fa1115e0 Unloading class 0x00000288811a8000 'java/lang/invoke/LambdaForm$MH+0x00000288811a8000'
Event: 39.782 Thread 0x00000288fa1115e0 Unloading class 0x00000288811a7c00 'java/lang/invoke/LambdaForm$BMH+0x00000288811a7c00'
Event: 39.782 Thread 0x00000288fa1115e0 Unloading class 0x00000288811a7800 'java/lang/invoke/LambdaForm$DMH+0x00000288811a7800'
Event: 39.782 Thread 0x00000288fa1115e0 Unloading class 0x00000288811a6400 'java/lang/invoke/LambdaForm$DMH+0x00000288811a6400'

Classes redefined (0 events):
No events

Internal exceptions (20 events):
Event: 4496.431 Thread 0x00000288c6691c60 Exception <a 'sun/nio/fs/WindowsException'{0x00000000d5721058}> (0x00000000d5721058) 
thrown [s\src\hotspot\share\prims\jni.cpp, line 520]
Event: 4496.431 Thread 0x00000288c6691c60 Exception <a 'sun/nio/fs/WindowsException'{0x00000000d5721b80}> (0x00000000d5721b80) 
thrown [s\src\hotspot\share\prims\jni.cpp, line 520]
Event: 4496.432 Thread 0x00000288c6691c60 Exception <a 'sun/nio/fs/WindowsException'{0x00000000d5723008}> (0x00000000d5723008) 
thrown [s\src\hotspot\share\prims\jni.cpp, line 520]
Event: 4496.432 Thread 0x00000288c6691c60 Exception <a 'sun/nio/fs/WindowsException'{0x00000000d57238e8}> (0x00000000d57238e8) 
thrown [s\src\hotspot\share\prims\jni.cpp, line 520]
Event: 4496.434 Thread 0x00000288c6691c60 Exception <a 'sun/nio/fs/WindowsException'{0x00000000d574d520}> (0x00000000d574d520) 
thrown [s\src\hotspot\share\prims\jni.cpp, line 520]
Event: 4496.434 Thread 0x00000288c6691c60 Exception <a 'sun/nio/fs/WindowsException'{0x00000000d574de00}> (0x00000000d574de00) 
thrown [s\src\hotspot\share\prims\jni.cpp, line 520]
Event: 4496.434 Thread 0x00000288c6691c60 Exception <a 'sun/nio/fs/WindowsException'{0x00000000d574f348}> (0x00000000d574f348) 
thrown [s\src\hotspot\share\prims\jni.cpp, line 520]
Event: 4496.434 Thread 0x00000288c6691c60 Exception <a 'sun/nio/fs/WindowsException'{0x00000000d574fc28}> (0x00000000d574fc28) 
thrown [s\src\hotspot\share\prims\jni.cpp, line 520]
Event: 4496.435 Thread 0x00000288c6691c60 Exception <a 'sun/nio/fs/WindowsException'{0x00000000d57513b0}> (0x00000000d57513b0) 
thrown [s\src\hotspot\share\prims\jni.cpp, line 520]
Event: 4496.435 Thread 0x00000288c6691c60 Exception <a 'sun/nio/fs/WindowsException'{0x00000000d5751c90}> (0x00000000d5751c90) 
thrown [s\src\hotspot\share\prims\jni.cpp, line 520]
Event: 4496.435 Thread 0x00000288c6691c60 Exception <a 'sun/nio/fs/WindowsException'{0x00000000d57531d8}> (0x00000000d57531d8) 
thrown [s\src\hotspot\share\prims\jni.cpp, line 520]
Event: 4496.435 Thread 0x00000288c6691c60 Exception <a 'sun/nio/fs/WindowsException'{0x00000000d5753d88}> (0x00000000d5753d88) 
thrown [s\src\hotspot\share\prims\jni.cpp, line 520]
Event: 4496.436 Thread 0x00000288c6691c60 Exception <a 'sun/nio/fs/WindowsException'{0x00000000d57552d0}> (0x00000000d57552d0) 
thrown [s\src\hotspot\share\prims\jni.cpp, line 520]
Event: 4496.436 Thread 0x00000288c6691c60 Exception <a 'sun/nio/fs/WindowsException'{0x00000000d5755bb0}> (0x00000000d5755bb0) 
thrown [s\src\hotspot\share\prims\jni.cpp, line 520]
Event: 4496.436 Thread 0x00000288c6691c60 Exception <a 'sun/nio/fs/WindowsException'{0x00000000d5757278}> (0x00000000d5757278) 
thrown [s\src\hotspot\share\prims\jni.cpp, line 520]
Event: 4496.436 Thread 0x00000288c6691c60 Exception <a 'sun/nio/fs/WindowsException'{0x00000000d5757b58}> (0x00000000d5757b58) 
thrown [s\src\hotspot\share\prims\jni.cpp, line 520]
Event: 4496.437 Thread 0x00000288c6691c60 Exception <a 'sun/nio/fs/WindowsException'{0x00000000d575a570}> (0x00000000d575a570) 
thrown [s\src\hotspot\share\prims\jni.cpp, line 520]
Event: 4496.437 Thread 0x00000288c6691c60 Exception <a 'sun/nio/fs/WindowsException'{0x00000000d575ae50}> (0x00000000d575ae50) 
thrown [s\src\hotspot\share\prims\jni.cpp, line 520]
Event: 4496.437 Thread 0x00000288c6691c60 Exception <a 'sun/nio/fs/WindowsException'{0x00000000d575c398}> (0x00000000d575c398) 
thrown [s\src\hotspot\share\prims\jni.cpp, line 520]
Event: 4496.437 Thread 0x00000288c6691c60 Exception <a 'sun/nio/fs/WindowsException'{0x00000000d575cc78}> (0x00000000d575cc78) 
thrown [s\src\hotspot\share\prims\jni.cpp, line 520]

ZGC Phase Switch (0 events):
No events

VM Operations (20 events):
Event: 19183.583 Executing VM operation: HandshakeAllThreads (HandshakeForDeflation)
Event: 19183.583 Executing VM operation: HandshakeAllThreads (HandshakeForDeflation) done
Event: 19183.583 Executing VM operation: RendezvousGCThreads
Event: 19183.583 Executing VM operation: RendezvousGCThreads done
Event: 19544.304 Executing VM operation: HandshakeAllThreads (HandshakeForDeflation)
Event: 19544.305 Executing VM operation: HandshakeAllThreads (HandshakeForDeflation) done
Event: 19544.305 Executing VM operation: RendezvousGCThreads
Event: 19544.305 Executing VM operation: RendezvousGCThreads done
Event: 19724.525 Executing VM operation: HandshakeAllThreads (HandshakeForDeflation)
Event: 19724.525 Executing VM operation: HandshakeAllThreads (HandshakeForDeflation) done
Event: 19724.525 Executing VM operation: RendezvousGCThreads
Event: 19724.525 Executing VM operation: RendezvousGCThreads done
Event: 19784.633 Executing VM operation: HandshakeAllThreads (HandshakeForDeflation)
Event: 19784.634 Executing VM operation: HandshakeAllThreads (HandshakeForDeflation) done
Event: 19784.634 Executing VM operation: RendezvousGCThreads
Event: 19784.634 Executing VM operation: RendezvousGCThreads done
Event: 19904.981 Executing VM operation: HandshakeAllThreads (HandshakeForDeflation)
Event: 19904.981 Executing VM operation: HandshakeAllThreads (HandshakeForDeflation) done
Event: 19904.981 Executing VM operation: RendezvousGCThreads
Event: 19904.981 Executing VM operation: RendezvousGCThreads done

Memory protections (0 events):
No events

Nmethod flushes (20 events):
Event: 81.052 Thread 0x00000288fa1115e0 flushing  nmethod 0x00000288e71c3610
Event: 81.052 Thread 0x00000288fa1115e0 flushing  nmethod 0x00000288e71c4590
Event: 81.052 Thread 0x00000288fa1115e0 flushing  nmethod 0x00000288e71c6190
Event: 81.052 Thread 0x00000288fa1115e0 flushing  nmethod 0x00000288e71e0310
Event: 81.052 Thread 0x00000288fa1115e0 flushing  nmethod 0x00000288e71e0910
Event: 81.052 Thread 0x00000288fa1115e0 flushing  nmethod 0x00000288e71e1190
Event: 81.052 Thread 0x00000288fa1115e0 flushing  nmethod 0x00000288e71e1e90
Event: 81.052 Thread 0x00000288fa1115e0 flushing  nmethod 0x00000288e71e9510
Event: 81.052 Thread 0x00000288fa1115e0 flushing  nmethod 0x00000288e71f8e10
Event: 81.052 Thread 0x00000288fa1115e0 flushing  nmethod 0x00000288e71f9110
Event: 81.052 Thread 0x00000288fa1115e0 flushing  nmethod 0x00000288e721e490
Event: 81.052 Thread 0x00000288fa1115e0 flushing  nmethod 0x00000288e7233a90
Event: 81.052 Thread 0x00000288fa1115e0 flushing  nmethod 0x00000288e7237490
Event: 81.052 Thread 0x00000288fa1115e0 flushing  nmethod 0x00000288e725a610
Event: 81.052 Thread 0x00000288fa1115e0 flushing  nmethod 0x00000288e725b890
Event: 81.052 Thread 0x00000288fa1115e0 flushing  nmethod 0x00000288e725ca10
Event: 81.052 Thread 0x00000288fa1115e0 flushing  nmethod 0x00000288e725dc10
Event: 81.052 Thread 0x00000288fa1115e0 flushing  nmethod 0x00000288e725e010
Event: 81.052 Thread 0x00000288fa1115e0 flushing  nmethod 0x00000288e725f510
Event: 81.052 Thread 0x00000288fa1115e0 flushing osr nmethod 0x00000288e7260c10

Events (20 events):
Event: 4160.010 Thread 0x00000288c66915d0 Thread exited: 0x00000288c66915d0
Event: 4160.010 Thread 0x00000288c6693010 Thread exited: 0x00000288c6693010
Event: 4160.010 Thread 0x00000288c66922f0 Thread exited: 0x00000288c66922f0
Event: 4160.010 Thread 0x00000288c66943c0 Thread exited: 0x00000288c66943c0
Event: 4496.424 Thread 0x00000288c6691c60 Thread added: 0x00000288c6693010
Event: 4496.425 Thread 0x00000288c6693010 Thread exited: 0x00000288c6693010
Event: 4496.438 Thread 0x00000288c6691c60 Thread added: 0x00000288c66922f0
Event: 4496.439 Thread 0x00000288c66922f0 Thread added: 0x00000288c668ee70
Event: 4496.440 Thread 0x00000288c668ee70 Thread added: 0x00000288c66943c0
Event: 4496.440 Thread 0x00000288c66922f0 Thread added: 0x00000288c668f500
Event: 4496.440 Thread 0x00000288c668ee70 Thread added: 0x00000288c6690220
Event: 4496.440 Thread 0x00000288c66943c0 Thread added: 0x00000288c6694a50
Event: 4496.440 Thread 0x00000288c66922f0 Thread added: 0x00000288c6693010
Event: 4496.441 Thread 0x00000288c6693010 Thread exited: 0x00000288c6693010
Event: 4496.441 Thread 0x00000288c6694a50 Thread exited: 0x00000288c6694a50
Event: 4496.441 Thread 0x00000288c66922f0 Thread exited: 0x00000288c66922f0
Event: 4496.441 Thread 0x00000288c6690220 Thread exited: 0x00000288c6690220
Event: 4496.441 Thread 0x00000288c66943c0 Thread exited: 0x00000288c66943c0
Event: 4496.441 Thread 0x00000288c668f500 Thread exited: 0x00000288c668f500
Event: 4496.442 Thread 0x00000288c668ee70 Thread exited: 0x00000288c668ee70


Dynamic libraries:
0x00007ff731440000 - 0x00007ff73144e000 	c:\Users\ASUS\.vscode\extensions\redhat.java-1.52.0-win32-x64\jre\21.0.9-win32-x86_64\bin\java.exe
0x00007ff94bad0000 - 0x00007ff94bcc8000 	C:\Windows\SYSTEM32\ntdll.dll
0x00007ff94a3c0000 - 0x00007ff94a482000 	C:\Windows\System32\KERNEL32.DLL
0x00007ff9493b0000 - 0x00007ff9496a6000 	C:\Windows\System32\KERNELBASE.dll
0x00007ff949190000 - 0x00007ff949290000 	C:\Windows\System32\ucrtbase.dll
0x00007ff945680000 - 0x00007ff945698000 	c:\Users\ASUS\.vscode\extensions\redhat.java-1.52.0-win32-x64\jre\21.0.9-win32-x86_64\bin\jli.dll
0x00007ff9465a0000 - 0x00007ff9465be000 	c:\Users\ASUS\.vscode\extensions\redhat.java-1.52.0-win32-x64\jre\21.0.9-win32-x86_64\bin\VCRUNTIME140.dll
0x00007ff94a490000 - 0x00007ff94a631000 	C:\Windows\System32\USER32.dll
0x00007ff949160000 - 0x00007ff949182000 	C:\Windows\System32\win32u.dll
0x00007ff938290000 - 0x00007ff93852b000 	C:\Windows\WinSxS\amd64_microsoft.windows.common-controls_6595b64144ccf1df_6.0.19041.6456_none_60b8a6cb71f64256\COMCTL32.dll
0x00007ff94a390000 - 0x00007ff94a3bb000 	C:\Windows\System32\GDI32.dll
0x00007ff94a2f0000 - 0x00007ff94a38e000 	C:\Windows\System32\msvcrt.dll
0x00007ff949290000 - 0x00007ff9493a9000 	C:\Windows\System32\gdi32full.dll
0x00007ff9497b0000 - 0x00007ff94984d000 	C:\Windows\System32\msvcp_win.dll
0x00007ff94a080000 - 0x00007ff94a0af000 	C:\Windows\System32\IMM32.DLL
0x00007ff946570000 - 0x00007ff94657c000 	c:\Users\ASUS\.vscode\extensions\redhat.java-1.52.0-win32-x64\jre\21.0.9-win32-x86_64\bin\vcruntime140_1.dll
0x00007ff941460000 - 0x00007ff9414ed000 	c:\Users\ASUS\.vscode\extensions\redhat.java-1.52.0-win32-x64\jre\21.0.9-win32-x86_64\bin\msvcp140.dll
0x00007ff916ad0000 - 0x00007ff917870000 	c:\Users\ASUS\.vscode\extensions\redhat.java-1.52.0-win32-x64\jre\21.0.9-win32-x86_64\bin\server\jvm.dll
0x00007ff94aa20000 - 0x00007ff94aad1000 	C:\Windows\System32\ADVAPI32.dll
0x00007ff94ab60000 - 0x00007ff94abff000 	C:\Windows\System32\sechost.dll
0x00007ff94ad30000 - 0x00007ff94ae50000 	C:\Windows\System32\RPCRT4.dll
0x00007ff949960000 - 0x00007ff949987000 	C:\Windows\System32\bcrypt.dll
0x00007ff94aaf0000 - 0x00007ff94ab5b000 	C:\Windows\System32\WS2_32.dll
0x00007ff948fc0000 - 0x00007ff94900b000 	C:\Windows\SYSTEM32\POWRPROF.dll
0x00007ff93cde0000 - 0x00007ff93ce07000 	C:\Windows\SYSTEM32\WINMM.dll
0x00007ff942c50000 - 0x00007ff942c5a000 	C:\Windows\SYSTEM32\VERSION.dll
0x00007ff948fa0000 - 0x00007ff948fb2000 	C:\Windows\SYSTEM32\UMPDC.dll
0x00007ff946eb0000 - 0x00007ff946ec2000 	C:\Windows\SYSTEM32\kernel.appcore.dll
0x00007ff945670000 - 0x00007ff94567a000 	c:\Users\ASUS\.vscode\extensions\redhat.java-1.52.0-win32-x64\jre\21.0.9-win32-x86_64\bin\jimage.dll
0x00007ff938680000 - 0x00007ff938881000 	C:\Windows\SYSTEM32\DBGHELP.DLL
0x00007ff9359c0000 - 0x00007ff9359f4000 	C:\Windows\SYSTEM32\dbgcore.DLL
0x00007ff9498d0000 - 0x00007ff949952000 	C:\Windows\System32\bcryptPrimitives.dll
0x00007ff941f80000 - 0x00007ff941f8f000 	c:\Users\ASUS\.vscode\extensions\redhat.java-1.52.0-win32-x64\jre\21.0.9-win32-x86_64\bin\instrument.dll
0x00007ff942ce0000 - 0x00007ff942d00000 	c:\Users\ASUS\.vscode\extensions\redhat.java-1.52.0-win32-x64\jre\21.0.9-win32-x86_64\bin\java.dll
0x00007ff94b2c0000 - 0x00007ff94ba30000 	C:\Windows\System32\SHELL32.dll
0x00007ff947190000 - 0x00007ff947935000 	C:\Windows\SYSTEM32\windows.storage.dll
0x00007ff949d20000 - 0x00007ff94a074000 	C:\Windows\System32\combase.dll
0x00007ff9489d0000 - 0x00007ff9489fb000 	C:\Windows\SYSTEM32\Wldp.dll
0x00007ff94a0b0000 - 0x00007ff94a17d000 	C:\Windows\System32\OLEAUT32.dll
0x00007ff94a650000 - 0x00007ff94a6fd000 	C:\Windows\System32\SHCORE.dll
0x00007ff94ba30000 - 0x00007ff94ba8b000 	C:\Windows\System32\shlwapi.dll
0x00007ff949090000 - 0x00007ff9490b4000 	C:\Windows\SYSTEM32\profapi.dll
0x00007ff942290000 - 0x00007ff9422a8000 	c:\Users\ASUS\.vscode\extensions\redhat.java-1.52.0-win32-x64\jre\21.0.9-win32-x86_64\bin\zip.dll
0x00007ff943990000 - 0x00007ff9439a0000 	C:\Users\ASUS\.vscode\extensions\redhat.java-1.52.0-win32-x64\jre\21.0.9-win32-x86_64\bin\net.dll
0x00007ff9425c0000 - 0x00007ff9426ca000 	C:\Windows\SYSTEM32\WINHTTP.dll
0x00007ff9487b0000 - 0x00007ff94881a000 	C:\Windows\system32\mswsock.dll
0x00007ff941f90000 - 0x00007ff941fa6000 	C:\Users\ASUS\.vscode\extensions\redhat.java-1.52.0-win32-x64\jre\21.0.9-win32-x86_64\bin\nio.dll
0x00007ff941f70000 - 0x00007ff941f80000 	c:\Users\ASUS\.vscode\extensions\redhat.java-1.52.0-win32-x64\jre\21.0.9-win32-x86_64\bin\verify.dll
0x00007ff9413a0000 - 0x00007ff9413e5000 	C:\Users\ASUS\AppData\Roaming\Code\User\globalStorage\redhat.java\1.52.0\config_win\org.eclipse.equinox.launcher\org.eclipse.equinox.launcher.win32.win32.x86_64_1.2.1500.v20260121-1430\eclipse_11919.dll
0x00007ff94a890000 - 0x00007ff94a9bb000 	C:\Windows\System32\ole32.dll
0x00007ff948a50000 - 0x00007ff948a68000 	C:\Windows\SYSTEM32\CRYPTSP.dll
0x00007ff9480f0000 - 0x00007ff948128000 	C:\Windows\system32\rsaenh.dll
0x00007ff949010000 - 0x00007ff94903e000 	C:\Windows\SYSTEM32\USERENV.dll
0x00007ff948940000 - 0x00007ff94894c000 	C:\Windows\SYSTEM32\CRYPTBASE.dll
0x00007ff9484b0000 - 0x00007ff9484eb000 	C:\Windows\SYSTEM32\IPHLPAPI.DLL
0x00007ff94ad20000 - 0x00007ff94ad28000 	C:\Windows\System32\NSI.dll
0x00007ff934f80000 - 0x00007ff934fc9000 	C:\Users\ASUS\AppData\Local\Temp\jna-2018896\jna8731652872547925239.dll
0x00007ff94aae0000 - 0x00007ff94aae8000 	C:\Windows\System32\PSAPI.DLL
0x00007ff941430000 - 0x00007ff94143a000 	C:\Users\ASUS\.vscode\extensions\redhat.java-1.52.0-win32-x64\jre\21.0.9-win32-x86_64\bin\management.dll
0x00007ff941420000 - 0x00007ff94142c000 	C:\Users\ASUS\.vscode\extensions\redhat.java-1.52.0-win32-x64\jre\21.0.9-win32-x86_64\bin\management_ext.dll
0x00007ff942930000 - 0x00007ff942947000 	C:\Windows\SYSTEM32\dhcpcsvc6.DLL
0x00007ff942d90000 - 0x00007ff942dad000 	C:\Windows\SYSTEM32\dhcpcsvc.DLL
0x00007ff941410000 - 0x00007ff94141e000 	C:\Users\ASUS\.vscode\extensions\redhat.java-1.52.0-win32-x64\jre\21.0.9-win32-x86_64\bin\sunmscapi.dll
0x00007ff949990000 - 0x00007ff949aed000 	C:\Windows\System32\CRYPT32.dll
0x00007ff948a90000 - 0x00007ff948ab7000 	C:\Windows\SYSTEM32\ncrypt.dll
0x00007ff948a10000 - 0x00007ff948a4b000 	C:\Windows\SYSTEM32\NTASN1.dll
0x00007ff9484f0000 - 0x00007ff9485ba000 	C:\Windows\SYSTEM32\DNSAPI.dll
0x00007ff940540000 - 0x00007ff94054a000 	C:\Windows\System32\rasadhlp.dll
0x00007ff940a00000 - 0x00007ff940a80000 	C:\Windows\System32\fwpuclnt.dll
0x00007ff9413f0000 - 0x00007ff9413f9000 	C:\Users\ASUS\.vscode\extensions\redhat.java-1.52.0-win32-x64\jre\21.0.9-win32-x86_64\bin\extnet.dll
0x00007ff934f50000 - 0x00007ff934f77000 	C:\Users\ASUS\.gradle\native\1def1411415f61bf3af743bc5b6707747c0891f09f0c88961ee8f79bc544acac\windows-amd64\native-platform.dll

JVMTI agents:
c:\Users\ASUS\.vscode\extensions\redhat.java-1.52.0-win32-x64\lombok\lombok-1.18.39-4050.jar path:c:\Users\ASUS\.vscode\extensions\redhat.java-1.52.0-win32-x64\jre\21.0.9-win32-x86_64\bin\instrument.dll, loaded, initialized, instrumentlib options:none

dbghelp: loaded successfully - version: 4.0.5 - missing functions: none
symbol engine: initialized successfully - sym options: 0x614 - pdb path: .;c:\Users\ASUS\.vscode\extensions\redhat.java-1.52.0-win32-x64\jre\21.0.9-win32-x86_64\bin;C:\Windows\SYSTEM32;C:\Windows\WinSxS\amd64_microsoft.windows.common-controls_6595b64144ccf1df_6.0.19041.6456_none_60b8a6cb71f64256;c:\Users\ASUS\.vscode\extensions\redhat.java-1.52.0-win32-x64\jre\21.0.9-win32-x86_64\bin\server;C:\Users\ASUS\AppData\Roaming\Code\User\globalStorage\redhat.java\1.52.0\config_win\org.eclipse.equinox.launcher\org.eclipse.equinox.launcher.win32.win32.x86_64_1.2.1500.v20260121-1430;C:\Users\ASUS\AppData\Local\Temp\jna-2018896;C:\Users\ASUS\.gradle\native\1def1411415f61bf3af743bc5b6707747c0891f09f0c88961ee8f79bc544acac\windows-amd64

VM Arguments:
jvm_args: --add-modules=ALL-SYSTEM --add-opens=java.base/java.util=ALL-UNNAMED --add-opens=java.base/java.lang=ALL-UNNAMED --add-opens=java.base/sun.nio.fs=ALL-UNNAMED -Declipse.application=org.eclipse.jdt.ls.core.id1 -Dosgi.bundles.defaultStartLevel=4 -Declipse.product=org.eclipse.jdt.ls.core.product -Djava.import.generatesMetadataFilesAtProjectRoot=false -DDetectVMInstallationsJob.disabled=true -Dfile.encoding=utf8 -XX:+UseParallelGC -XX:GCTimeRatio=4 -XX:AdaptiveSizePolicyWeight=90 -Dsun.zip.disableMemoryMapping=true -Xmx2G -Xms100m -Xlog:disable -javaagent:c:\Users\ASUS\.vscode\extensions\redhat.java-1.52.0-win32-x64\lombok\lombok-1.18.39-4050.jar -XX:+HeapDumpOnOutOfMemoryError -XX:HeapDumpPath=c:\Users\ASUS\AppData\Roaming\Code\User\workspaceStorage\3b79d6dfcfb51a105223974b676b3787\redhat.java -Daether.dependencyCollector.impl=bf 
java_command: c:\Users\ASUS\.vscode\extensions\redhat.java-1.52.0-win32-x64\server\plugins\org.eclipse.equinox.launcher_1.7.100.v20251111-0406.jar -configuration c:\Users\ASUS\AppData\Roaming\Code\User\globalStorage\redhat.java\1.52.0\config_win -data c:\Users\ASUS\AppData\Roaming\Code\User\workspaceStorage\3b79d6dfcfb51a105223974b676b3787\redhat.java\jdt_ws --pipe=\\.\pipe\lsp-561d3a2651b8d090cf8c6f1f396860de-sock
java_class_path (initial): c:\Users\ASUS\.vscode\extensions\redhat.java-1.52.0-win32-x64\server\plugins\org.eclipse.equinox.launcher_1.7.100.v20251111-0406.jar
Launcher Type: SUN_STANDARD

[Global flags]
    uintx AdaptiveSizePolicyWeight                 = 90                                        {product} {command line}
     intx CICompilerCount                          = 4                                         {product} {ergonomic}
    uintx GCTimeRatio                              = 4                                         {product} {command line}
     bool HeapDumpOnOutOfMemoryError               = true                                   {manageable} {command line}
    ccstr HeapDumpPath                             = c:\Users\ASUS\AppData\Roaming\Code\User\workspaceStorage\3b79d6dfcfb51a105223974b676b3787\redhat.java         {manageable} {command line}
   size_t InitialHeapSize                          = 104857600                                 {product} {command line}
   size_t MaxHeapSize                              = 2147483648                                {product} {command line}
   size_t MaxNewSize                               = 715653120                                 {product} {ergonomic}
   size_t MinHeapDeltaBytes                        = 524288                                    {product} {ergonomic}
   size_t MinHeapSize                              = 104857600                                 {product} {command line}
   size_t NewSize                                  = 34603008                                  {product} {ergonomic}
    uintx NonNMethodCodeHeapSize                   = 5839372                                {pd product} {ergonomic}
    uintx NonProfiledCodeHeapSize                  = 122909434                              {pd product} {ergonomic}
   size_t OldSize                                  = 70254592                                  {product} {ergonomic}
    uintx ProfiledCodeHeapSize                     = 122909434                              {pd product} {ergonomic}
    uintx ReservedCodeCacheSize                    = 251658240                              {pd product} {ergonomic}
     bool SegmentedCodeCache                       = true                                      {product} {ergonomic}
   size_t SoftMaxHeapSize                          = 2147483648                             {manageable} {ergonomic}
     bool UseCompressedOops                        = true                           {product lp64_product} {ergonomic}
     bool UseLargePagesIndividualAllocation        = false                                  {pd product} {ergonomic}
     bool UseParallelGC                            = true                                      {product} {command line}

Logging:
Log output configuration:
 #0: stdout all=off uptime,level,tags foldmultilines=false
 #1: stderr all=off uptime,level,tags foldmultilines=false

Release file:
JAVA_VERSION="21.0.9" 
MODULES="java.base java.compiler java.datatransfer java.xml java.prefs java.desktop java.instrument java.logging java.management java.security.sasl java.naming java.rmi java.management.rmi java.net.http java.scripting java.security.jgss java.transaction.xa java.sql java.sql.rowset java.xml.crypto java.se java.smartcardio jdk.accessibility jdk.internal.jvmstat jdk.attach jdk.charsets jdk.internal.opt jdk.zipfs jdk.compiler jdk.crypto.ec jdk.crypto.cryptoki jdk.crypto.mscapi jdk.dynalink jdk.internal.ed jdk.editpad jdk.hotspot.agent jdk.httpserver jdk.internal.le jdk.internal.vm.ci jdk.internal.vm.compiler jdk.internal.vm.compiler.management jdk.jartool jdk.javadoc jdk.jcmd jdk.management jdk.management.agent jdk.jconsole jdk.jdeps jdk.jdwp.agent jdk.jdi jdk.jfr jdk.jshell jdk.jsobject jdk.jstatd jdk.localedata jdk.management.jfr jdk.naming.dns jdk.naming.rmi jdk.net jdk.nio.mapmode jdk.random jdk.sctp jdk.security.auth jdk.security.jgss jdk.unsupported jdk.unsupported.desktop jdk.xml.dom" 

Environment Variables:
JAVA_HOME=C:\Program Files\Java\jdk-17
PATH=C:\Program Files\Java\jdk-17\bin;C:\Program Files\Common Files\Oracle\Java\javapath;C:\Windows\system32;C:\Windows;C:\Windows\System32\Wbem;C:\Windows\System32\WindowsPowerShell\v1.0\;C:\Windows\System32\OpenSSH\;C:\Program Files\Git\cmd;C:\Program Files\nodejs\;C:\Program Files\Docker\Docker\resources\bin;C:\Users\ASUS\Downloads\mongo\mongodb-database-tools-windows-x86_64-100.12.0\bin;C:\Program Files\Java\jdk-24\bin;C:\Program Files\MySQL\MySQL Server 8.0\bin;C:\Users\ASUS\Downloads\maven\apache-maven-3.9.11\bin;C:\Program Files\Apache\Maven\apache-maven-3.9.12\bin;C:\Users\ASUS\AppData\Local\Programs\Python\Python313\Scripts\;C:\Users\ASUS\AppData\Local\Programs\Python\Python313\;C:\Users\ASUS\AppData\Local\Microsoft\WindowsApps;C:\Users\ASUS\AppData\Local\Programs\Microsoft VS Code\bin;C:\Users\ASUS\AppData\Roaming\npm;C:\Program Files\JetBrains\IntelliJ IDEA Community Edition 2025.1.4.1\bin;;C:\Users\ASUS\AppData\Local\Android\Sdk\platform-tools;C:\Users\ASUS\AppData\Local\Android\Sdk\emulator;C:\Program Files\JetBrains\PyCharm 2025.2.4\bin
USERNAME=ASUS
OS=Windows_NT
PROCESSOR_IDENTIFIER=AMD64 Family 23 Model 17 Stepping 0, AuthenticAMD
TMP=C:\Users\ASUS\AppData\Local\Temp
TEMP=C:\Users\ASUS\AppData\Local\Temp




Periodic native trim disabled

---------------  S Y S T E M  ---------------

OS:
 Windows 10 , 64 bit Build 19041 (10.0.19041.5915)
OS uptime: 0 days 5:35 hours
Hyper-V role detected

CPU: total 8 (initial active 8) (8 cores per cpu, 2 threads per core) family 23 model 17 stepping 0 microcode 0x0, cx8, cmov, fxsr, ht, mmx, 3dnowpref, sse, sse2, sse3, ssse3, sse4a, sse4.1, sse4.2, popcnt, lzcnt, tsc, tscinvbit, avx, avx2, aes, clmul, bmi1, bmi2, adx, sha, fma, vzeroupper, clflush, clflushopt, hv, rdtscp, f16c
Processor Information for the first 8 processors :
  Max Mhz: 2000, Current Mhz: 2000, Mhz Limit: 2000

Memory: 4k page, system-wide physical 7113M (437M free)
TotalPageFile size 28617M (AvailPageFile size 96M)
current process WorkingSet (physical memory assigned to process): 33M, peak: 299M
current process commit charge ("private bytes"): 392M, peak: 399M

vm_info: OpenJDK 64-Bit Server VM (21.0.9+10-LTS) for windows-amd64 JRE (21.0.9+10-LTS), built on 2025-10-21T00:00:00Z by "admin" with unknown MS VC++:1942

END.
